// Jest Snapshot v1, https://goo.gl/fbAQLP

exports[`VideoPlayer render 1`] = `null`;
